// Jest Snapshot v1, https://goo.gl/fbAQLP

exports[`renders correctly with all props 1`] = `
<img
  src="https://placekitten.com/900/600"
/>
`;
